[    2361ms] ReferenceError: __tcfapi is not defined
    at https://stash.clash.gg/skin/422/AWP-Dragon-Lore:300:5
[    3539ms] [WARNING] jQuery.Deferred exception: ga is not defined ReferenceError: ga is not defined
    at HTMLDocument.<anonymous> (https://stash.clash.gg/js/app.js?id=45ae2628a29e5fdd216555ba96c33b61:1:7983)
    at u (https://stash.clash.gg/js/vendor.js?id=1aaf8591d7e90c9de21cb997b593c700:1:29933)
    at c (https://stash.clash.gg/js/vendor.js?id=1aaf8591d7e90c9de21cb997b593c700:1:30246) undefined @ https://stash.clash.gg/js/vendor.js?id=1aaf8591d7e90c9de21cb997b593c700:0
[    3539ms] [WARNING] jQuery.Deferred exception: ga is not defined ReferenceError: ga is not defined
    at HTMLDocument.<anonymous> (https://stash.clash.gg/js/app.js?id=45ae2628a29e5fdd216555ba96c33b61:1:8066)
    at u (https://stash.clash.gg/js/vendor.js?id=1aaf8591d7e90c9de21cb997b593c700:1:29933)
    at c (https://stash.clash.gg/js/vendor.js?id=1aaf8591d7e90c9de21cb997b593c700:1:30246) undefined @ https://stash.clash.gg/js/vendor.js?id=1aaf8591d7e90c9de21cb997b593c700:0
[    3592ms] ReferenceError: ga is not defined
    at HTMLDocument.<anonymous> (https://stash.clash.gg/js/app.js?id=45ae2628a29e5fdd216555ba96c33b61:1:7983)
    at u (https://stash.clash.gg/js/vendor.js?id=1aaf8591d7e90c9de21cb997b593c700:1:29933)
    at c (https://stash.clash.gg/js/vendor.js?id=1aaf8591d7e90c9de21cb997b593c700:1:30246)
[    3592ms] ReferenceError: ga is not defined
    at HTMLDocument.<anonymous> (https://stash.clash.gg/js/app.js?id=45ae2628a29e5fdd216555ba96c33b61:1:8066)
    at u (https://stash.clash.gg/js/vendor.js?id=1aaf8591d7e90c9de21cb997b593c700:1:29933)
    at c (https://stash.clash.gg/js/vendor.js?id=1aaf8591d7e90c9de21cb997b593c700:1:30246)
[    3834ms] [ERROR] A bad HTTP response code (403) was received when fetching the script. @ :0
[    3839ms] Failed to register a ServiceWorker for scope ('https://stash.clash.gg/clash-proxy/') with script ('https://stash.clash.gg/clash-proxy/8jJp0d9'): A bad HTTP response code (403) was received when fetching the script.
[    4332ms] [ERROR] Failed to load resource: the server responded with a status of 403 () @ https://stash.clash.gg/clash-ui/assets/brand/csgo/item-img/weapons/50px/huntsman_knife.webp:0
[    4569ms] [ERROR] Failed to load resource: the server responded with a status of 403 () @ https://stash.clash.gg/clash-ui/assets/brand/csgo/item-img/weapons/50px/gut_knife.webp:0
[    4707ms] [ERROR] Failed to load resource: the server responded with a status of 403 () @ https://stash.clash.gg/clash-ui/assets/brand/csgo/item-img/weapons/50px/karambit.webp:0
[    4838ms] [ERROR] Failed to load resource: the server responded with a status of 403 () @ https://stash.clash.gg/clash-ui/assets/brand/csgo/item-img/weapons/50px/kukri_knife.webp:0
[    5139ms] [ERROR] Failed to load resource: the server responded with a status of 403 () @ https://stash.clash.gg/clash-ui/assets/brand/csgo/item-img/weapons/50px/m9_bayonet.webp:0
[    5905ms] [ERROR] Failed to load resource: the server responded with a status of 403 () @ https://stash.clash.gg/clash-ui/assets/brand/csgo/item-img/weapons/50px/navaja_knife.webp:0
[    6596ms] [ERROR] Failed to load resource: the server responded with a status of 403 () @ https://stash.clash.gg/clash-ui/assets/brand/csgo/item-img/weapons/50px/nomad_knife.webp:0
[    7128ms] [ERROR] Failed to load resource: the server responded with a status of 403 () @ https://stash.clash.gg/clash-ui/assets/brand/csgo/item-img/weapons/50px/paracord_knife.webp:0
[    7390ms] [ERROR] Failed to load resource: the server responded with a status of 403 () @ https://stash.clash.gg/clash-ui/assets/brand/csgo/item-img/weapons/50px/skeleton_knife.webp:0
[    7410ms] [ERROR] Failed to load resource: the server responded with a status of 403 () @ https://stash.clash.gg/clash-ui/assets/brand/csgo/item-img/weapons/50px/shadow_daggers.webp:0
[    7659ms] [ERROR] Failed to load resource: the server responded with a status of 403 () @ https://stash.clash.gg/clash-ui/assets/brand/csgo/item-img/weapons/50px/stiletto_knife.webp:0
[    7981ms] [ERROR] Failed to load resource: the server responded with a status of 403 () @ https://stash.clash.gg/clash-ui/assets/brand/csgo/item-img/weapons/50px/survival_knife.webp:0
[    8429ms] [ERROR] Failed to load resource: the server responded with a status of 403 () @ https://stash.clash.gg/clash-ui/assets/brand/csgo/item-img/weapons/50px/ursus_knife.webp:0
[    8830ms] [ERROR] Failed to load resource: the server responded with a status of 403 () @ https://stash.clash.gg/clash-ui/assets/brand/csgo/item-img/weapons/50px/talon_knife.webp:0
[    8965ms] [ERROR] Failed to load resource: the server responded with a status of 403 () @ https://stash.clash.gg/clash-ui/assets/brand/csgo/item-img/weapons/50px/hydra.webp:0
[    9171ms] [ERROR] Failed to load resource: the server responded with a status of 403 () @ https://stash.clash.gg/clash-ui/assets/brand/csgo/item-img/weapons/50px/moto.webp:0
[    9572ms] [ERROR] Failed to load resource: the server responded with a status of 403 () @ https://stash.clash.gg/clash-ui/assets/brand/csgo/item-img/weapons/50px/specialist.webp:0
[    9938ms] [ERROR] Failed to load resource: the server responded with a status of 403 () @ https://stash.clash.gg/clash-ui/assets/brand/csgo/item-img/weapons/50px/sport.webp:0
[   10062ms] [ERROR] Failed to load resource: the server responded with a status of 403 () @ https://stash.clash.gg/clash-ui/assets/brand/csgo/item-img/items/containers/50px/c307.webp:0
[   10668ms] [ERROR] Failed to load resource: the server responded with a status of 403 () @ https://stash.clash.gg/clash-ui/assets/brand/csgo/item-img/items/containers/50px/c355.webp:0
[   10984ms] [ERROR] Failed to load resource: the server responded with a status of 403 () @ https://stash.clash.gg/clash-ui/assets/brand/csgo/item-img/items/containers/50px/c376.webp:0
[   11291ms] [ERROR] Failed to load resource: the server responded with a status of 403 () @ https://stash.clash.gg/clash-ui/assets/brand/csgo/item-img/items/containers/50px/c38.webp:0
[   12040ms] [ERROR] Failed to load resource: the server responded with a status of 403 () @ https://stash.clash.gg/clash-ui/assets/brand/csgo/item-img/items/containers/50px/c48.webp:0
[   12365ms] [ERROR] Failed to load resource: the server responded with a status of 403 () @ https://stash.clash.gg/clash-ui/assets/brand/csgo/item-img/items/containers/50px/c141.webp:0
[   12880ms] [ERROR] Failed to load resource: the server responded with a status of 403 () @ https://stash.clash.gg/clash-ui/assets/brand/csgo/item-img/items/containers/50px/c238.webp:0
[   12953ms] [ERROR] Failed to load resource: the server responded with a status of 403 () @ https://stash.clash.gg/clash-ui/assets/brand/csgo/item-img/items/containers/50px/c1.webp:0
[   13197ms] [ERROR] Failed to load resource: the server responded with a status of 403 () @ https://stash.clash.gg/clash-ui/assets/brand/csgo/item-img/items/containers/50px/c4.webp:0
[   13661ms] [ERROR] Failed to load resource: the server responded with a status of 403 () @ https://stash.clash.gg/clash-ui/assets/brand/csgo/item-img/items/containers/50px/c10.webp:0
[   13906ms] [ERROR] Failed to load resource: the server responded with a status of 403 () @ https://stash.clash.gg/clash-ui/assets/brand/csgo/item-img/items/containers/50px/c293.webp:0
[   14689ms] [ERROR] Failed to load resource: the server responded with a status of 403 () @ https://stash.clash.gg/clash-ui/assets/brand/csgo/item-img/items/containers/50px/c259.webp:0
[   14994ms] [ERROR] Failed to load resource: the server responded with a status of 403 () @ https://stash.clash.gg/clash-ui/assets/brand/csgo/item-img/items/containers/50px/c2.webp:0
[   15529ms] [ERROR] Failed to load resource: the server responded with a status of 403 () @ https://stash.clash.gg/clash-ui/assets/brand/csgo/item-img/items/containers/50px/c5.webp:0
[   15529ms] [ERROR] Failed to load resource: the server responded with a status of 403 () @ https://stash.clash.gg/clash-ui/assets/brand/csgo/item-img/items/containers/50px/c19.webp:0
[   16053ms] [ERROR] Failed to load resource: the server responded with a status of 403 () @ https://stash.clash.gg/clash-ui/assets/brand/csgo/item-img/items/containers/50px/c50.webp:0
[   16795ms] [ERROR] Failed to load resource: the server responded with a status of 403 () @ https://stash.clash.gg/clash-ui/assets/brand/csgo/item-img/items/containers/50px/c144.webp:0
[   17196ms] [ERROR] Failed to load resource: the server responded with a status of 403 () @ https://stash.clash.gg/clash-ui/assets/brand/csgo/item-img/items/containers/50px/c172.webp:0
[   18394ms] [ERROR] Failed to load resource: the server responded with a status of 403 () @ https://stash.clash.gg/clash-ui/assets/brand/csgo/item-img/items/containers/50px/c179.webp:0
[   19118ms] [ERROR] Failed to load resource: the server responded with a status of 403 () @ https://stash.clash.gg/clash-ui/assets/brand/csgo/item-img/items/containers/50px/c244.webp:0
[   19847ms] [ERROR] Failed to load resource: the server responded with a status of 403 () @ https://stash.clash.gg/clash-ui/assets/brand/csgo/item-img/items/containers/50px/c17.webp:0
[   20360ms] [ERROR] Failed to load resource: the server responded with a status of 403 () @ https://stash.clash.gg/clash-ui/assets/brand/csgo/item-img/items/containers/50px/c3.webp:0
[   21228ms] [ERROR] Failed to load resource: the server responded with a status of 403 () @ https://stash.clash.gg/clash-ui/assets/brand/csgo/item-img/items/containers/50px/c18.webp:0
[   21759ms] [ERROR] Failed to load resource: the server responded with a status of 403 () @ https://stash.clash.gg/clash-ui/assets/brand/csgo/item-img/items/containers/50px/c308.webp:0
[   22289ms] [ERROR] Failed to load resource: the server responded with a status of 403 () @ https://stash.clash.gg/clash-ui/assets/brand/csgo/item-img/items/containers/50px/c208.webp:0
[   22488ms] [ERROR] Failed to load resource: the server responded with a status of 403 () @ https://stash.clash.gg/clash-ui/assets/brand/csgo/item-img/items/containers/50px/c11.webp:0
[   22503ms] [ERROR] Failed to load resource: the server responded with a status of 403 () @ https://stash.clash.gg/clash-ui/assets/brand/csgo/item-img/items/containers/50px/c321.webp:0
[   22506ms] [ERROR] Failed to load resource: the server responded with a status of 403 () @ https://stash.clash.gg/clash-ui/assets/brand/csgo/item-img/items/containers/50px/c303.webp:0
[   22507ms] [ERROR] Failed to load resource: the server responded with a status of 403 () @ https://stash.clash.gg/clash-ui/assets/brand/csgo/item-img/items/containers/50px/c274.webp:0
[   22508ms] [ERROR] Failed to load resource: the server responded with a status of 403 () @ https://stash.clash.gg/clash-ui/assets/brand/csgo/item-img/items/containers/50px/c277.webp:0
[   22508ms] [ERROR] Failed to load resource: the server responded with a status of 403 () @ https://stash.clash.gg/clash-ui/assets/brand/csgo/item-img/items/containers/50px/c112.webp:0
[   22509ms] [ERROR] Failed to load resource: the server responded with a status of 403 () @ https://stash.clash.gg/clash-ui/assets/brand/csgo/item-img/items/containers/50px/c29.webp:0
[   22509ms] [ERROR] Failed to load resource: the server responded with a status of 403 () @ https://stash.clash.gg/clash-ui/assets/brand/csgo/item-img/items/containers/50px/c111.webp:0
[   22510ms] [ERROR] Failed to load resource: the server responded with a status of 403 () @ https://stash.clash.gg/clash-ui/assets/brand/csgo/item-img/items/containers/50px/c207.webp:0
[   22510ms] [ERROR] Failed to load resource: the server responded with a status of 403 () @ https://stash.clash.gg/clash-ui/assets/brand/csgo/item-img/items/containers/50px/c80.webp:0
[   22511ms] [ERROR] Failed to load resource: the server responded with a status of 403 () @ https://stash.clash.gg/clash-ui/assets/brand/csgo/item-img/items/containers/50px/c315.webp:0
[   22511ms] [ERROR] Failed to load resource: the server responded with a status of 403 () @ https://stash.clash.gg/clash-ui/assets/brand/csgo/item-img/items/containers/50px/c220.webp:0
[   22511ms] [ERROR] Failed to load resource: the server responded with a status of 403 () @ https://stash.clash.gg/clash-ui/assets/brand/csgo/item-img/items/containers/50px/c8.webp:0
[   22512ms] [ERROR] Failed to load resource: the server responded with a status of 403 () @ https://stash.clash.gg/clash-ui/assets/brand/csgo/item-img/items/containers/50px/c76.webp:0
[   22512ms] [ERROR] Failed to load resource: the server responded with a status of 403 () @ https://stash.clash.gg/clash-ui/assets/brand/csgo/item-img/items/containers/50px/c7.webp:0
[   22512ms] [ERROR] Failed to load resource: the server responded with a status of 403 () @ https://stash.clash.gg/clash-ui/assets/brand/csgo/item-img/collections/50px/the_boreal_collection.webp:0
[   22513ms] [ERROR] Failed to load resource: the server responded with a status of 403 () @ https://stash.clash.gg/clash-ui/assets/brand/csgo/item-img/collections/50px/limited_edition_item.webp:0
[   22513ms] [ERROR] Failed to load resource: the server responded with a status of 403 () @ https://stash.clash.gg/clash-ui/assets/brand/csgo/item-img/collections/50px/the_graphic_design_collection.webp:0
[   22514ms] [ERROR] Failed to load resource: the server responded with a status of 403 () @ https://stash.clash.gg/clash-ui/assets/brand/csgo/item-img/collections/50px/the_radiant_collection.webp:0
[   22514ms] [ERROR] Failed to load resource: the server responded with a status of 403 () @ https://stash.clash.gg/clash-ui/assets/brand/csgo/item-img/collections/50px/the_ascent_collection.webp:0
[   22515ms] [ERROR] Failed to load resource: the server responded with a status of 403 () @ https://stash.clash.gg/clash-ui/assets/brand/csgo/item-img/collections/50px/the_overpass_2024_collection.webp:0
[   22515ms] [ERROR] Failed to load resource: the server responded with a status of 403 () @ https://stash.clash.gg/clash-ui/assets/brand/csgo/item-img/items/containers/50px/c93.webp:0
[   22516ms] [ERROR] Failed to load resource: the server responded with a status of 403 () @ https://stash.clash.gg/clash-ui/assets/brand/csgo/item-img/collections/50px/the_sport_&_field_collection.webp:0
[   22516ms] [ERROR] Failed to load resource: the server responded with a status of 403 () @ https://stash.clash.gg/clash-ui/assets/brand/csgo/item-img/collections/50px/elemental_craft_stickers.webp:0
[   22517ms] [ERROR] Failed to load resource: the server responded with a status of 403 () @ https://stash.clash.gg/clash-ui/assets/brand/csgo/item-img/items/containers/50px/c314.webp:0
[   22517ms] [ERROR] Failed to load resource: the server responded with a status of 403 () @ https://stash.clash.gg/clash-ui/assets/brand/csgo/item-img/items/containers/50px/c356.webp:0
[   22518ms] [ERROR] Failed to load resource: the server responded with a status of 403 () @ https://stash.clash.gg/clash-ui/assets/brand/csgo/item-img/items/containers/50px/c319.webp:0
[   22518ms] [ERROR] Failed to load resource: the server responded with a status of 403 () @ https://stash.clash.gg/clash-ui/assets/brand/csgo/item-img/collections/50px/character_craft_stickers.webp:0
[   22518ms] [ERROR] Failed to load resource: the server responded with a status of 403 () @ https://stash.clash.gg/clash-ui/assets/brand/csgo/item-img/items/containers/50px/c294.webp:0
[   22519ms] [ERROR] Failed to load resource: the server responded with a status of 403 () @ https://stash.clash.gg/clash-ui/assets/brand/csgo/item-img/items/containers/50px/c301.webp:0
[   22519ms] [ERROR] Failed to load resource: the server responded with a status of 403 () @ https://stash.clash.gg/clash-ui/assets/brand/csgo/item-img/items/containers/50px/c295.webp:0
[   22520ms] [ERROR] Failed to load resource: the server responded with a status of 403 () @ https://stash.clash.gg/clash-ui/assets/brand/csgo/item-img/items/containers/50px/c275.webp:0
[   22520ms] [ERROR] Failed to load resource: the server responded with a status of 403 () @ https://stash.clash.gg/clash-ui/assets/brand/csgo/item-img/items/containers/50px/c340.webp:0
[   22521ms] [ERROR] Failed to load resource: the server responded with a status of 403 () @ https://stash.clash.gg/clash-ui/assets/brand/csgo/item-img/items/containers/50px/c306.webp:0
[   22521ms] [ERROR] Failed to load resource: the server responded with a status of 403 () @ https://stash.clash.gg/clash-ui/assets/brand/csgo/item-img/items/containers/50px/c237.webp:0
[   22522ms] [ERROR] Failed to load resource: the server responded with a status of 403 () @ https://stash.clash.gg/clash-ui/assets/brand/csgo/item-img/items/containers/50px/c276.webp:0
[   22522ms] [ERROR] Failed to load resource: the server responded with a status of 403 () @ https://stash.clash.gg/clash-ui/assets/brand/csgo/item-img/items/containers/50px/c222.webp:0
[   22523ms] [ERROR] Failed to load resource: the server responded with a status of 403 () @ https://stash.clash.gg/clash-ui/assets/brand/csgo/item-img/items/containers/50px/c258.webp:0
[   22523ms] [ERROR] Failed to load resource: the server responded with a status of 403 () @ https://stash.clash.gg/clash-ui/assets/brand/csgo/item-img/items/containers/50px/c221.webp:0
[   22523ms] [ERROR] Failed to load resource: the server responded with a status of 403 () @ https://stash.clash.gg/clash-ui/assets/brand/csgo/item-img/items/containers/50px/c174.webp:0
[   22524ms] [ERROR] Failed to load resource: the server responded with a status of 403 () @ https://stash.clash.gg/clash-ui/assets/brand/csgo/item-img/items/containers/50px/c173.webp:0
[   22748ms] [ERROR] Failed to load resource: the server responded with a status of 403 () @ https://stash.clash.gg/clash-ui/assets/brand/csgo/item-img/items/containers/50px/c110.webp:0
[   22751ms] [ERROR] Failed to load resource: the server responded with a status of 403 () @ https://stash.clash.gg/clash-ui/assets/brand/csgo/item-img/items/containers/50px/c109.webp:0
[   22752ms] [ERROR] Failed to load resource: the server responded with a status of 403 () @ https://stash.clash.gg/clash-ui/assets/brand/csgo/item-img/items/containers/50px/c49.webp:0
[   22752ms] [ERROR] Failed to load resource: the server responded with a status of 403 () @ https://stash.clash.gg/clash-ui/assets/brand/csgo/item-img/items/containers/50px/c16.webp:0
[   22752ms] [ERROR] Failed to load resource: the server responded with a status of 403 () @ https://stash.clash.gg/clash-ui/assets/brand/csgo/item-img/items/containers/50px/c108.webp:0
[   22753ms] [ERROR] Failed to load resource: the server responded with a status of 403 () @ https://stash.clash.gg/clash-ui/assets/brand/csgo/item-img/items/containers/50px/c396.webp:0
[   22753ms] [ERROR] Failed to load resource: the server responded with a status of 403 () @ https://stash.clash.gg/clash-ui/assets/brand/csgo/item-img/items/containers/50px/c413.webp:0
[   22754ms] [ERROR] Failed to load resource: the server responded with a status of 403 () @ https://stash.clash.gg/clash-ui/assets/brand/csgo/item-img/items/containers/50px/c357.webp:0
[   22755ms] [ERROR] Failed to load resource: the server responded with a status of 403 () @ https://stash.clash.gg/clash-ui/assets/brand/csgo/item-img/items/containers/50px/c12.webp:0
[   22755ms] [ERROR] Failed to load resource: the server responded with a status of 403 () @ https://stash.clash.gg/clash-ui/assets/brand/csgo/item-img/items/containers/50px/c316.webp:0
[   22755ms] [ERROR] Failed to load resource: the server responded with a status of 403 () @ https://stash.clash.gg/clash-ui/assets/brand/csgo/item-img/items/containers/50px/c304.webp:0
[   22756ms] [ERROR] Failed to load resource: the server responded with a status of 403 () @ https://stash.clash.gg/clash-ui/assets/brand/csgo/item-img/menu/agent.webp:0
[   22756ms] [ERROR] Failed to load resource: the server responded with a status of 403 () @ https://stash.clash.gg/clash-ui/assets/brand/csgo/item-img/collections/50px/missing_link_charm_collection.webp:0
[   22757ms] [ERROR] Failed to load resource: the server responded with a status of 403 () @ https://stash.clash.gg/clash-ui/assets/brand/csgo/item-img/menu/pin.webp:0
[   22757ms] [ERROR] Failed to load resource: the server responded with a status of 403 () @ https://stash.clash.gg/clash-ui/assets/brand/csgo/item-img/items/containers/50px/c302.webp:0
[   22758ms] [ERROR] Failed to load resource: the server responded with a status of 403 () @ https://stash.clash.gg/clash-ui/assets/brand/csgo/item-img/items/containers/50px/c300.webp:0
[   22758ms] [ERROR] Failed to load resource: the server responded with a status of 403 () @ https://stash.clash.gg/clash-ui/assets/brand/csgo/item-img/menu/agent-patch.webp:0
[   22761ms] [ERROR] Failed to load resource: the server responded with a status of 403 () @ https://stash.clash.gg/clash-ui/assets/brand/csgo/item-img/collections/50px/small_arms_charm_collection.webp:0
[   22761ms] [ERROR] Failed to load resource: the server responded with a status of 403 () @ https://stash.clash.gg/clash-ui/assets/brand/csgo/item-img/items/containers/50px/c296.webp:0
[   22762ms] [ERROR] Failed to load resource: the server responded with a status of 403 () @ https://stash.clash.gg/clash-ui/assets/brand/csgo/item-img/items/containers/50px/c223.webp:0
[   22762ms] [ERROR] Failed to load resource: the server responded with a status of 403 () @ https://stash.clash.gg/clash-ui/assets/brand/csgo/item-img/items/containers/50px/c176.webp:0
[   22763ms] [ERROR] Failed to load resource: the server responded with a status of 403 () @ https://stash.clash.gg/clash-ui/assets/brand/csgo/item-img/items/containers/50px/c142.webp:0
[   22763ms] [ERROR] Failed to load resource: the server responded with a status of 403 () @ https://stash.clash.gg/clash-ui/assets/brand/csgo/item-img/menu/key.webp:0
[   22764ms] [ERROR] Failed to load resource: the server responded with a status of 403 () @ https://stash.clash.gg/clash-ui/assets/brand/csgo/item-img/menu/graffiti.webp:0
[   22764ms] [ERROR] Failed to load resource: the server responded with a status of 403 () @ https://stash.clash.gg/img/menu/flags/language/RU.png:0
[   22765ms] [ERROR] Failed to load resource: the server responded with a status of 403 () @ https://stash.clash.gg/img/clash-banners/clash-popup-en.webp:0
[   22766ms] [ERROR] Failed to load resource: the server responded with a status of 403 () @ https://stash.clash.gg/img/clash-banners/clash-banner-en.webp:0
[   23424ms] [ERROR] Failed to load resource: the server responded with a status of 403 () @ https://stash.clash.gg/clash-ui/assets/brand/csgo/gem-animated.webm:0
[   23428ms] [ERROR] Failed to load resource: the server responded with a status of 403 () @ https://stash.clash.gg/clash-ui/assets/icons/discord.svg:0
[   23429ms] [ERROR] Failed to load resource: the server responded with a status of 403 () @ https://stash.clash.gg/clash-ui/assets/icons/twitter.svg:0
[   23434ms] [ERROR] Failed to load resource: the server responded with a status of 403 () @ https://stash.clash.gg/clash-ui/assets/icons/kick.svg:0
[   29437ms] [ERROR] Failed to load resource: the server responded with a status of 403 () @ https://stash.clash.gg/clash-ui/assets/brand/csgo/gem-animated.webm:0
[   29440ms] [ERROR] Failed to load resource: the server responded with a status of 403 () @ https://stash.clash.gg/clash-ui/assets/brand/csgo/gem-animated.webm:0
[   33373ms] TypeError: Cannot read properties of null (reading 'clientHeight')
    at https://stash.clash.gg/skin/422/AWP-Dragon-Lore:16878:40
[   33373ms] TypeError: Cannot read properties of null (reading 'clientHeight')
    at https://stash.clash.gg/skin/422/AWP-Dragon-Lore:16878:40
[   35368ms] [WARNING] Failed to execute 'postMessage' on 'DOMWindow': The target origin provided ('https://www.youtube.com') does not match the recipient window's origin ('https://stash.clash.gg'). @ https://www.youtube.com/s/player/7460dd14/www-widgetapi.vflset/www-widgetapi.js:162
[   35576ms] [INFO] Slow network is detected. See https://www.chromestatus.com/feature/5636954674692096 for more details. Fallback font will be used while loading: https://fonts.gstatic.com/s/roboto/v48/KFO7CnqEu92Fr1ME7kSn66aGLdTylUAMa3iUBGEe.woff2 @ https://www.youtube.com/embed/L4ge1jxzd94?rel=0&showinfo=0&origin=https%3A%2F%2Fstash.clash.gg&enablejsapi=1&widgetid=1&forigin=https%3A%2F%2Fstash.clash.gg%2Fskin%2F422%2FAWP-Dragon-Lore&aoriginsup=1&vf=1:0
[   39891ms] [INFO] Slow network is detected. See https://www.chromestatus.com/feature/5636954674692096 for more details. Fallback font will be used while loading: https://fonts.gstatic.com/s/roboto/v48/KFO7CnqEu92Fr1ME7kSn66aGLdTylUAMa3yUBA.woff2 @ https://www.youtube.com/s/_/ytembeds/_/js/k=ytembeds.base.en_US.I5S-ly9wfXQ.2021.O/ck=ytembeds.base.g08Wc2u8n-g.L.W.O/am=AAAAQA/d=1/exm=base,root/excm=base,root/ed=1/br=1/rs=AGKMywGNc9rrWBGeRaqie5vrUXfsBHFoKQ/m=r78Drb:1737
[   40548ms] [WARNING] The powerPreference option is currently ignored when calling requestAdapter() on Windows. See https://crbug.com/369219127 @ :0
