[    3579ms] [WARNING] Manifest: property 'start_url' ignored, should be same origin as document. @ https://cdn.steaminventoryhelper.com/sihapp/95ed442b/manifest.json:0
[    3579ms] [WARNING] Manifest: property 'scope' ignored. Start url should be within scope of scope URL. @ https://cdn.steaminventoryhelper.com/sihapp/95ed442b/manifest.json:0
[    3579ms] [WARNING] Manifest: property 'url' ignored, should be within scope of the manifest. @ https://cdn.steaminventoryhelper.com/sihapp/95ed442b/manifest.json:0
[    3579ms] [WARNING] Manifest: property 'url' of 'shortcut' not present. @ https://cdn.steaminventoryhelper.com/sihapp/95ed442b/manifest.json:0
[    3579ms] [WARNING] Manifest: property 'url' ignored, should be within scope of the manifest. @ https://cdn.steaminventoryhelper.com/sihapp/95ed442b/manifest.json:0
[    3579ms] [WARNING] Manifest: property 'url' of 'shortcut' not present. @ https://cdn.steaminventoryhelper.com/sihapp/95ed442b/manifest.json:0
[    3579ms] [WARNING] Manifest: property 'url' ignored, should be within scope of the manifest. @ https://cdn.steaminventoryhelper.com/sihapp/95ed442b/manifest.json:0
[    3579ms] [WARNING] Manifest: property 'url' of 'shortcut' not present. @ https://cdn.steaminventoryhelper.com/sihapp/95ed442b/manifest.json:0
[    3579ms] [WARNING] Manifest: property 'url' ignored, should be within scope of the manifest. @ https://cdn.steaminventoryhelper.com/sihapp/95ed442b/manifest.json:0
[    3579ms] [WARNING] Manifest: property 'url' of 'shortcut' not present. @ https://cdn.steaminventoryhelper.com/sihapp/95ed442b/manifest.json:0
[    4394ms] [ERROR] Failed to load resource: the server responded with a status of 404 () @ https://cdn.steaminventoryhelper.com/sihapp/95ed442b/market/_payload.json?a401b811-183c-4cff-b3e9-d3c41c694ec1:0
[    4546ms] [WARNING] [nuxt] Cannot load payload  https://cdn.steaminventoryhelper.com/sihapp/95ed442b/market/_payload.json?a401b811-183c-4cff-b3e9-d3c41c694ec1 SyntaxError: Unexpected token '<', "<?xml vers"... is not valid JSON
    at JSON.parse (<anonymous>)
    at Lv (https://cdn.steaminventoryhelper.com/sihapp/95ed442b/_nuxt/CYAcmhN4.js:5:96794)
    at $7 (https://cdn.steaminventoryhelper.com/sihapp/95ed442b/_nuxt/CYAcmhN4.js:5:124075)
    at async F7 (https://cdn.steaminventoryhelper.com/sihapp/95ed442b/_nuxt/CYAcmhN4.js:5:123285)
    at async yg (https://cdn.steaminventoryhelper.com/sihapp/95ed442b/_nuxt/CYAcmhN4.js:5:123907)
    at async setup (https://cdn.steaminventoryhelper.com/sihapp/95ed442b/_nuxt/CYAcmhN4.js:5:124800)
    at async fv (https://cdn.steaminventoryhelper.com/sihapp/95ed442b/_nuxt/CYAcmhN4.js:5:90528)
    at async l (https://cdn.steaminventoryhelper.com/sihapp/95ed442b/_nuxt/CYAcmhN4.js:5:91063)
    at async dv (https://cdn.steaminventoryhelper.com/sihapp/95ed442b/_nuxt/CYAcmhN4.js:5:91114)
    at async Xc (https://cdn.steaminventoryhelper.com/sihapp/95ed442b/_nuxt/CYAcmhN4.js:9:701734) @ https://cdn.steaminventoryhelper.com/sihapp/95ed442b/_nuxt/CYAcmhN4.js:4
[    5679ms] [ERROR] Hydration completed but contains mismatches. @ https://cdn.steaminventoryhelper.com/sihapp/95ed442b/_nuxt/CYAcmhN4.js:2
[    5762ms] [WARNING] No token found! @ https://cdn.steaminventoryhelper.com/sihapp/95ed442b/_nuxt/CYAcmhN4.js:8
[    6192ms] [ERROR] Failed to load resource: the server responded with a status of 401 () @ https://core.steaminventoryhelper.com/sih/invoice:0
[    7211ms] [WARNING] Chatra: No such method: on @ https://call.chatra.io/chatra.js:3
[    9457ms] [WARNING] <meta name="apple-mobile-web-app-capable" content="yes"> is deprecated. Please include <meta name="mobile-web-app-capable" content="yes"> @ https://sih.app/market?sortBy=-profitPercent&appId=730:0
[   10606ms] [ERROR] Failed to load resource: net::ERR_CERT_AUTHORITY_INVALID @ https://mdd.yandex.net/:0
[   10709ms] [ERROR] Failed to load resource: net::ERR_CERT_AUTHORITY_INVALID @ https://hdrc.yandex.net/:0
